
══════════════════════════════════════════════════════
  BRBE Architecture Diagnostic  —  2026-07-11 05:22:12
══════════════════════════════════════════════════════

─── 1. AppContext (DI Root) ───────────────────────────
  PASS  instance       = com.alonie.brbe.config.AppContext@cd71230
  INFO  config         = present
  INFO  events         = present
  INFO  pins           = present
  INFO  instantCraft   = present
  INFO  bookLayout     = present
  INFO  recipeViewers  = present
  INFO  brewingBook    = present
  INFO  smithingBook   = present
─── 1. AppContext (DI Root) ───────────────────────────
  PASS  instance       = com.alonie.brbe.config.AppContext@cd71230
  INFO  config         = present
  INFO  events         = present
  INFO  pins           = present
  INFO  instantCraft   = present
  INFO  bookLayout     = present
  INFO  recipeViewers  = present
  INFO  brewingBook    = present
  INFO  smithingBook   = present

─── 2. ConfigEventBus ──────────────────────────────────
  PASS  request/consume: before=false after=true after2=false
  INFO  config.keepCentered           = false
  INFO  config.enablePinning          = true
  INFO  config.partialCraftingEnabled = false
  INFO  config.enableBook             = true

─── 2. ConfigEventBus ──────────────────────────────────
  PASS  request/consume: before=true after=true after2=false
  INFO  config.keepCentered           = false
  INFO  config.enablePinning          = true
  INFO  config.partialCraftingEnabled = false
  INFO  config.enableBook             = true

─── 3. Config Routing (ctx().config() pathway) ────────
  PASS  BetterRecipeBook.config == ctx().config()
  PASS  enablePinning (always true) matches both paths

─── 3. Config Routing (ctx().config() pathway) ────────
  PASS  BetterRecipeBook.config == ctx().config()
  PASS  enablePinning (always true) matches both paths

─── 4. PinStore (async I/O) ────────────────────────────
  INFO  pinned recipes  = 0
  PASS  PinnedRecipeManager present

─── 4. PinStore (async I/O) ────────────────────────────
  INFO  pinned recipes  = 0
  PASS  PinnedRecipeManager present

─── 5. BookLayout Constants ────────────────────────────
  INFO  TEXTURE_WIDTH      = 147
  INFO  TEXTURE_HEIGHT     = 166
  INFO  BUTTON_SIZE        = 25
  INFO  GRID_PAD           = 11
  INFO  GRID_GAP           = 2
  INFO  TAB_WIDTH          = 30
  INFO  TAB_SPACING        = 27
  INFO  X_OFFSET_CENTERED  = 162
  INFO  X_OFFSET_STANDARD  = 86
  PASS  all constants present

─── 5. BookLayout Constants ────────────────────────────
  INFO  TEXTURE_WIDTH      = 147
  INFO  TEXTURE_HEIGHT     = 166
  INFO  BUTTON_SIZE        = 25
  INFO  GRID_PAD           = 11
  INFO  GRID_GAP           = 2
  INFO  TAB_WIDTH          = 30
  INFO  TAB_SPACING        = 27
  INFO  X_OFFSET_CENTERED  = 162
  INFO  X_OFFSET_STANDARD  = 86
  PASS  all constants present

─── 6. RecipeViewer Registry ────────────────────────────
  INFO  anyAvailable = false
  INFO  no viewers available (JEI/REI not loaded)
  PASS  registry operational

─── 6. RecipeViewer Registry ────────────────────────────
  INFO  anyAvailable = false
  INFO  no viewers available (JEI/REI not loaded)
  PASS  registry operational

─── 7. Constraint Layout (runtime geometry) ────────────
  SKIP  no container screen open

─── 7. Constraint Layout (runtime geometry) ────────────
  SKIP  no container screen open

─── Result ───────────────────────────────────────────
  7 passed, 0 failed, 7 total
══════════════════════════════════════════════════════
